WARNING: A terminally deprecated method in sun.misc.Unsafe has been called
WARNING: sun.misc.Unsafe::staticFieldBase has been called by com.google.inject.internal.aop.HiddenClassDefiner (file:/C:/Users/Nirman/.m2/wrapper/dists/apache-maven-3.9.11/a2d47e15/lib/guice-5.1.0-classes.jar)
WARNING: Please consider reporting this to the maintainers of class com.google.inject.internal.aop.HiddenClassDefiner
WARNING: sun.misc.Unsafe::staticFieldBase will be removed in a future release
[INFO] Scanning for projects...
[INFO] 
[INFO] --------------------------< com.metaml:wbapi >--------------------------
[INFO] Building  0.0.1-SNAPSHOT
[INFO]   from pom.xml
[INFO] --------------------------------[ jar ]---------------------------------
[INFO] 
[INFO] >>> spring-boot:3.5.16:run (default-cli) > test-compile @ wbapi >>>
[INFO] 
[INFO] --- resources:3.3.1:resources (default-resources) @ wbapi ---
[INFO] Copying 1 resource from src\main\resources to target\classes
[INFO] Copying 0 resource from src\main\resources to target\classes
[INFO] 
[INFO] --- compiler:3.14.1:compile (default-compile) @ wbapi ---
[INFO] Nothing to compile - all classes are up to date.
[INFO] 
[INFO] --- resources:3.3.1:testResources (default-testResources) @ wbapi ---
[INFO] skip non existing resourceDirectory C:\Users\Nirman\Desktop\ITP_a\metaml-workbench-source-of-truth\backend\wbapi\src\test\resources
[INFO] 
[INFO] --- compiler:3.14.1:testCompile (default-testCompile) @ wbapi ---
[INFO] Nothing to compile - all classes are up to date.
[INFO] 
[INFO] <<< spring-boot:3.5.16:run (default-cli) < test-compile @ wbapi <<<
[INFO] 
[INFO] 
[INFO] --- spring-boot:3.5.16:run (default-cli) @ wbapi ---
[INFO] Attaching agents: []

 ____                                 _         ____  _       _    __                      
/ ___| __ _ _ __ ___  _   _ _ __   __| | __ _  |  _ \| | __ _| |_ / _| ___  _ __ _ __ ___  
| |   / _` | '_ ` _ \| | | | '_ \ / _` |/ _` | | |_) | |/ _` | __| |_ / _ \| '__| '_ ` _ \ 
| |__| (_| | | | | | | |_| | | | | (_| | (_| | |  __/| | (_| | |_|  _| (_) | |  | | | | | |
\____/\__,_|_| |_| |_|\__,_|_| |_|\__,_|\__,_| |_|   |_|\__,_|\__|_|  \___/|_|  |_| |_| |_|

  Spring-Boot:  (v3.5.16)
  Camunda Platform: (v7.22.0)
  Camunda Platform Spring Boot Starter: (v7.22.0)

2026-08-17 09:28:01 [35m[restartedMain][0;39m [34mINFO [0;39m com.metaml.wbapi.WbapiApplication.logStarting - [33mStarting WbapiApplication using Java 25.0.3 with PID 13424 (C:\Users\Nirman\Desktop\ITP_a\metaml-workbench-source-of-truth\backend\wbapi\target\classes started by Nirman in C:\Users\Nirman\Desktop\ITP_a\metaml-workbench-source-of-truth\backend\wbapi)
[0;39m2026-08-17 09:28:01 [35m[restartedMain][0;39m [34mINFO [0;39m com.metaml.wbapi.WbapiApplication.logStartupProfileInfo - [33mNo active profile set, falling back to 1 default profile: "default"
[0;39m2026-08-17 09:28:01 [35m[restartedMain][0;39m [34mINFO [0;39m org.springframework.boot.devtools.restart.ChangeableUrls.log - [33mThe Class-Path manifest attribute in C:\Users\Nirman\.m2\repository\org\glassfish\hk2\hk2\3.0.6\hk2-3.0.6.jar referenced one or more files that do not exist: file:/C:/Users/Nirman/.m2/repository/org/glassfish/hk2/hk2/3.0.6/hk2-utils.jar,file:/C:/Users/Nirman/.m2/repository/org/glassfish/hk2/hk2/3.0.6/jakarta.annotation-api.jar,file:/C:/Users/Nirman/.m2/repository/org/glassfish/hk2/hk2/3.0.6/jakarta.inject-api.jar,file:/C:/Users/Nirman/.m2/repository/org/glassfish/hk2/hk2/3.0.6/hk2-api.jar,file:/C:/Users/Nirman/.m2/repository/org/glassfish/hk2/hk2/3.0.6/aopalliance-repackaged.jar,file:/C:/Users/Nirman/.m2/repository/org/glassfish/hk2/hk2/3.0.6/hk2-core.jar,file:/C:/Users/Nirman/.m2/repository/org/glassfish/hk2/hk2/3.0.6/hk2-locator.jar,file:/C:/Users/Nirman/.m2/repository/org/glassfish/hk2/hk2/3.0.6/javassist.jar,file:/C:/Users/Nirman/.m2/repository/org/glassfish/hk2/hk2/3.0.6/hk2-runlevel.jar,file:/C:/Users/Nirman/.m2/repository/org/glassfish/hk2/hk2/3.0.6/class-model.jar,file:/C:/Users/Nirman/.m2/repository/org/glassfish/hk2/hk2/3.0.6/asm.jar,file:/C:/Users/Nirman/.m2/repository/org/glassfish/hk2/hk2/3.0.6/asm-analysis.jar,file:/C:/Users/Nirman/.m2/repository/org/glassfish/hk2/hk2/3.0.6/asm-commons.jar,file:/C:/Users/Nirman/.m2/repository/org/glassfish/hk2/hk2/3.0.6/asm-tree.jar,file:/C:/Users/Nirman/.m2/repository/org/glassfish/hk2/hk2/3.0.6/asm-util.jar
[0;39m2026-08-17 09:28:01 [35m[restartedMain][0;39m [34mINFO [0;39m org.springframework.boot.devtools.restart.ChangeableUrls.log - [33mThe Class-Path manifest attribute in C:\Users\Nirman\.m2\repository\com\sun\xml\bind\jaxb-impl\4.0.9\jaxb-impl-4.0.9.jar referenced one or more files that do not exist: file:/C:/Users/Nirman/.m2/repository/com/sun/xml/bind/jaxb-impl/4.0.9/jaxb-core.jar,file:/C:/Users/Nirman/.m2/repository/com/sun/xml/bind/jaxb-impl/4.0.9/angus-activation.jar
[0;39m2026-08-17 09:28:01 [35m[restartedMain][0;39m [34mINFO [0;39m org.springframework.boot.devtools.restart.ChangeableUrls.log - [33mThe Class-Path manifest attribute in C:\Users\Nirman\.m2\repository\com\sun\xml\bind\jaxb-core\4.0.9\jaxb-core-4.0.9.jar referenced one or more files that do not exist: file:/C:/Users/Nirman/.m2/repository/com/sun/xml/bind/jaxb-core/4.0.9/jakarta.activation-api.jar,file:/C:/Users/Nirman/.m2/repository/com/sun/xml/bind/jaxb-core/4.0.9/jakarta.xml.bind-api.jar
[0;39m2026-08-17 09:28:01 [35m[restartedMain][0;39m [34mINFO [0;39m org.springframework.boot.devtools.env.DevToolsPropertyDefaultsPostProcessor.log - [33mDevtools property defaults active! Set 'spring.devtools.add-properties' to 'false' to disable
[0;39m2026-08-17 09:28:01 [35m[restartedMain][0;39m [34mINFO [0;39m org.springframework.boot.devtools.env.DevToolsPropertyDefaultsPostProcessor.log - [33mFor additional web related logging consider setting the 'logging.level.web' property to 'DEBUG'
[0;39m2026-08-17 09:28:02 [35m[restartedMain][0;39m [34mINFO [0;39m org.springframework.data.repository.config.RepositoryConfigurationDelegate.registerRepositoriesIn - [33mBootstrapping Spring Data JPA repositories in DEFAULT mode.
[0;39m2026-08-17 09:28:02 [35m[restartedMain][0;39m [34mINFO [0;39m org.springframework.data.repository.config.RepositoryConfigurationDelegate.registerRepositoriesIn - [33mFinished Spring Data repository scanning in 18 ms. Found 0 JPA repository interfaces.
[0;39m2026-08-17 09:28:03 [35m[restartedMain][0;39m [34mINFO [0;39m org.springframework.boot.web.embedded.tomcat.TomcatWebServer.initialize - [33mTomcat initialized with port 8082 (http)
[0;39m2026-08-17 09:28:03 [35m[restartedMain][0;39m [34mINFO [0;39m org.apache.catalina.core.StandardService.log - [33mStarting service [Tomcat]
[0;39m2026-08-17 09:28:03 [35m[restartedMain][0;39m [34mINFO [0;39m org.apache.catalina.core.StandardEngine.log - [33mStarting Servlet engine: [Apache Tomcat/10.1.55]
[0;39m2026-08-17 09:28:03 [35m[restartedMain][0;39m [34mINFO [0;39m org.apache.catalina.core.ContainerBase.[Tomcat].[localhost].[/].log - [33mInitializing Spring embedded WebApplicationContext
[0;39m2026-08-17 09:28:03 [35m[restartedMain][0;39m [34mINFO [0;39m org.springframework.boot.web.servlet.context.ServletWebServerApplicationContext.prepareWebApplicationContext - [33mRoot WebApplicationContext: initialization completed in 1627 ms
[0;39m2026-08-17 09:28:03 [35m[restartedMain][0;39m [34mINFO [0;39m org.hibernate.jpa.internal.util.LogHelper.logPersistenceUnitInformation - [33mHHH000204: Processing PersistenceUnitInfo [name: default]
[0;39m2026-08-17 09:28:03 [35m[restartedMain][0;39m [34mINFO [0;39m org.hibernate.Version.logVersion - [33mHHH000412: Hibernate ORM core version 6.6.53.Final
[0;39m2026-08-17 09:28:03 [35m[restartedMain][0;39m [34mINFO [0;39m org.hibernate.cache.internal.RegionFactoryInitiator.initiateService - [33mHHH000026: Second-level cache disabled
[0;39m2026-08-17 09:28:03 [35m[restartedMain][0;39m [34mINFO [0;39m org.springframework.orm.jpa.persistenceunit.SpringPersistenceUnitInfo.addTransformer - [33mNo LoadTimeWeaver setup: ignoring JPA class transformer
[0;39m2026-08-17 09:28:03 [35m[restartedMain][0;39m [34mINFO [0;39m com.zaxxer.hikari.HikariDataSource.getConnection - [33mHikariPool-1 - Starting...
[0;39m2026-08-17 09:28:04 [35m[restartedMain][0;39m [34mINFO [0;39m com.zaxxer.hikari.pool.HikariPool.checkFailFast - [33mHikariPool-1 - Added connection conn0: url=jdbc:h2:file:./data/camunda user=SA
[0;39m2026-08-17 09:28:04 [35m[restartedMain][0;39m [34mINFO [0;39m com.zaxxer.hikari.HikariDataSource.getConnection - [33mHikariPool-1 - Start completed.
[0;39m2026-08-17 09:28:04 [35m[restartedMain][0;39m [31mWARN [0;39m org.hibernate.orm.deprecation.constructDialect - [33mHHH90000025: H2Dialect does not need to be specified explicitly using 'hibernate.dialect' (remove the property setting and it will be selected by default)
[0;39m2026-08-17 09:28:04 [35m[restartedMain][0;39m [34mINFO [0;39m org.hibernate.orm.connections.pooling.logConnectionInfo - [33mHHH10001005: Database info:
	Database JDBC URL [Connecting through datasource 'HikariDataSource (HikariPool-1)']
	Database driver: undefined/unknown
	Database version: 2.3.232
	Autocommit mode: undefined/unknown
	Isolation level: undefined/unknown
	Minimum pool size: undefined/unknown
	Maximum pool size: undefined/unknown
[0;39m2026-08-17 09:28:04 [35m[restartedMain][0;39m [34mINFO [0;39m org.hibernate.engine.transaction.jta.platform.internal.JtaPlatformInitiator.initiateService - [33mHHH000489: No JTA platform available (set 'hibernate.transaction.jta.platform' to enable JTA platform integration)
[0;39m2026-08-17 09:28:04 [35m[restartedMain][0;39m [34mINFO [0;39m org.springframework.orm.jpa.LocalContainerEntityManagerFactoryBean.buildNativeEntityManagerFactory - [33mInitialized JPA EntityManagerFactory for persistence unit 'default'
[0;39m2026-08-17 09:28:04 [35m[restartedMain][0;39m [34mINFO [0;39m com.metaml.workbench.governance.TenantPolicyStore.load - [33mRestored 12 tenant(s) and 9 polic(ies) from C:\Users\Nirman\Desktop\ITP_a\metaml-workbench-source-of-truth\backend\wbapi\.\data\tenant-policies.json
[0;39m2026-08-17 09:28:04 [35m[restartedMain][0;39m [34mINFO [0;39m com.metaml.workbench.governance.ApprovalStore.load - [33mRestored 5 approval(s) from C:\Users\Nirman\Desktop\ITP_a\metaml-workbench-source-of-truth\backend\wbapi\.\data\approvals.json
[0;39m2026-08-17 09:28:04 [35m[restartedMain][0;39m [34mINFO [0;39m org.camunda.bpm.spring.boot.logInfo - [33mSTARTER-SB040 Setting up jobExecutor with corePoolSize=3, maxPoolSize:10
[0;39m2026-08-17 09:28:04 [35m[restartedMain][0;39m [34mINFO [0;39m org.camunda.bpm.engine.cfg.logInfo - [33mENGINE-12003 Plugin 'CompositeProcessEnginePlugin[genericPropertiesConfiguration, camundaProcessEngineConfiguration, camundaDatasourceConfiguration, camundaJobConfiguration, camundaHistoryConfiguration, camundaMetricsConfiguration, camundaAuthorizationConfiguration, camundaDeploymentConfiguration, createAdminUserConfiguration, failedJobConfiguration, CreateFilterConfiguration[filterName=All tasks], eventPublisherPlugin, ApplicationContextClassloaderSwitchPlugin]' activated on process engine 'default'
[0;39m2026-08-17 09:28:05 [35m[restartedMain][0;39m [34mINFO [0;39m org.camunda.bpm.spring.boot.logInfo - [33mSTARTER-SB021 Auto-Deploying resources: []
[0;39m2026-08-17 09:28:05 [35m[restartedMain][0;39m [34mINFO [0;39m org.camunda.bpm.spring.boot.starter.event.EventPublisherPlugin.preInit - [33mEVENTING-001: Initialized Camunda Spring Boot Eventing Engine Plugin.
[0;39m2026-08-17 09:28:05 [35m[restartedMain][0;39m [34mINFO [0;39m org.camunda.bpm.spring.boot.starter.event.EventPublisherPlugin.preInit - [33mEVENTING-003: Task events will be published as Spring Events.
[0;39m2026-08-17 09:28:05 [35m[restartedMain][0;39m [34mINFO [0;39m org.camunda.bpm.spring.boot.starter.event.EventPublisherPlugin.preInit - [33mEVENTING-005: Execution events will be published as Spring Events.
[0;39m2026-08-17 09:28:05 [35m[restartedMain][0;39m [34mINFO [0;39m org.camunda.bpm.spring.boot.starter.event.EventPublisherPlugin.preInit - [33mEVENTING-009: Listeners will not be invoked if a skipCustomListeners API parameter is set to true by user.
[0;39m2026-08-17 09:28:05 [35m[restartedMain][0;39m [34mINFO [0;39m org.camunda.bpm.spring.boot.starter.event.EventPublisherPlugin.preInit - [33mEVENTING-007: History events will be published as Spring events.
[0;39m2026-08-17 09:28:06 [35m[restartedMain][0;39m [34mINFO [0;39m org.camunda.feel.FeelEngine.<init> - [33mEngine created. [value-mapper: CompositeValueMapper(List(org.camunda.feel.impl.JavaValueMapper@1962f524)), function-provider: org.camunda.bpm.dmn.feel.impl.scala.function.CustomFunctionTransformer@74dfe669, clock: SystemClock, configuration: {externalFunctionsEnabled: false}]
[0;39m2026-08-17 09:28:08 [35m[restartedMain][0;39m [34mINFO [0;39m org.camunda.bpm.engine.logInfo - [33mENGINE-00001 Process Engine default created.
[0;39m2026-08-17 09:28:08 [35m[restartedMain][0;39m [34mINFO [0;39m org.camunda.bpm.spring.boot.logInfo - [33mSTARTER-SB016 Skip initial filter creation, the filter with this name already exists: All tasks
[0;39m2026-08-17 09:28:08 [35m[restartedMain][0;39m [34mINFO [0;39m com.metaml.workbench.workflow.WorkflowEventStore.load - [33mRestored workflow event history for 74 model(s) from C:\Users\Nirman\Desktop\ITP_a\metaml-workbench-source-of-truth\backend\wbapi\.\data\workflow-events.json
[0;39m2026-08-17 09:28:08 [35m[restartedMain][0;39m [34mINFO [0;39m com.metaml.workbench.store.WorkbenchStateStore.load - [33mRestored 74 process model(s) and 33 twin(s) from C:\Users\Nirman\Desktop\ITP_a\metaml-workbench-source-of-truth\backend\wbapi\.\data\workbench-state.json
[0;39mWARNING: A terminally deprecated method in sun.misc.Unsafe has been called
WARNING: sun.misc.Unsafe::staticFieldOffset has been called by org.modelmapper.internal.typetools.TypeResolver (file:/C:/Users/Nirman/.m2/repository/org/modelmapper/modelmapper/3.2.0/modelmapper-3.2.0.jar)
WARNING: Please consider reporting this to the maintainers of class org.modelmapper.internal.typetools.TypeResolver
WARNING: sun.misc.Unsafe::staticFieldOffset will be removed in a future release
2026-08-17 09:28:08 [35m[restartedMain][0;39m [31mWARN [0;39m org.springframework.boot.autoconfigure.orm.jpa.JpaBaseConfiguration$JpaWebConfiguration.openEntityManagerInViewInterceptor - [33mspring.jpa.open-in-view is enabled by default. Therefore, database queries may be performed during view rendering. Explicitly configure spring.jpa.open-in-view to disable this warning
[0;39m2026-08-17 09:28:08 [35m[restartedMain][0;39m [31mWARN [0;39m org.springframework.web.servlet.resource.ResourceHandlerUtils.initLocationPath - [33mAppended trailing slash to static resource location: classpath:/META-INF/resources/webjars/camunda/
[0;39m2026-08-17 09:28:08 [35m[restartedMain][0;39m [31mWARN [0;39m org.springframework.boot.autoconfigure.security.servlet.UserDetailsServiceAutoConfiguration.getOrDeducePassword - [33m

Using generated security password: 52f88206-3449-49f2-8fe9-fa1e8faeac24

This generated password is for development use only. Your security configuration must be updated before running your application in production.

[0;39m2026-08-17 09:28:08 [35m[restartedMain][0;39m [34mINFO [0;39m org.springframework.security.config.annotation.authentication.configuration.InitializeUserDetailsBeanManagerConfigurer$InitializeUserDetailsManagerConfigurer.configure - [33mGlobal AuthenticationManager configured with UserDetailsService bean with name inMemoryUserDetailsManager
[0;39m2026-08-17 09:28:09 [35m[restartedMain][0;39m [34mINFO [0;39m org.camunda.bpm.spring.boot.starter.webapp.filter.LazyInitRegistration.lazyInit - [33mlazy initialized org.camunda.bpm.spring.boot.starter.webapp.filter.LazySecurityFilter@2359a4fd
[0;39m2026-08-17 09:28:09 [35m[restartedMain][0;39m [34mINFO [0;39m org.camunda.bpm.spring.boot.starter.webapp.filter.LazyInitRegistration.lazyInit - [33mlazy initialized org.camunda.bpm.spring.boot.starter.webapp.filter.LazyProcessEnginesFilter@5ee61b2b
[0;39m2026-08-17 09:28:09 [35m[restartedMain][0;39m [34mINFO [0;39m org.springframework.boot.autoconfigure.h2.H2ConsoleAutoConfiguration.log - [33mH2 console available at '/h2-console'. Database available at 'jdbc:h2:file:./data/camunda'
[0;39m2026-08-17 09:28:09 [35m[restartedMain][0;39m [34mINFO [0;39m org.springframework.boot.devtools.autoconfigure.OptionalLiveReloadServer.startServer - [33mLiveReload server is running on port 35729
[0;39m2026-08-17 09:28:09 [35m[restartedMain][0;39m [34mINFO [0;39m org.springframework.boot.web.embedded.tomcat.TomcatWebServer.start - [33mTomcat started on port 8082 (http) with context path '/'
[0;39m2026-08-17 09:28:09 [35m[restartedMain][0;39m [34mINFO [0;39m com.metaml.wbapi.WbapiApplication.logStarted - [33mStarted WbapiApplication in 8.366 seconds (process running for 8.88)
[0;39m2026-08-17 09:28:09 [35m[restartedMain][0;39m [34mINFO [0;39m org.camunda.bpm.engine.jobexecutor.logInfo - [33mENGINE-14014 Starting up the JobExecutor[org.camunda.bpm.engine.spring.components.jobexecutor.SpringJobExecutor].
[0;39m2026-08-17 09:28:09 [35m[JobExecutor[org.camunda.bpm.engine.spring.components.jobexecutor.SpringJobExecutor]][0;39m [34mINFO [0;39m org.camunda.bpm.engine.jobexecutor.logInfo - [33mENGINE-14018 JobExecutor[org.camunda.bpm.engine.spring.components.jobexecutor.SpringJobExecutor] starting to acquire jobs
[0;39m2026-08-17 09:28:11 [35m[http-nio-127.0.0.1-8082-exec-1][0;39m [34mINFO [0;39m org.apache.catalina.core.ContainerBase.[Tomcat].[localhost].[/].log - [33mInitializing Spring DispatcherServlet 'dispatcherServlet'
[0;39m2026-08-17 09:28:11 [35m[http-nio-127.0.0.1-8082-exec-1][0;39m [34mINFO [0;39m org.springframework.web.servlet.DispatcherServlet.initServletBean - [33mInitializing Servlet 'dispatcherServlet'
[0;39m2026-08-17 09:28:11 [35m[http-nio-127.0.0.1-8082-exec-1][0;39m [34mINFO [0;39m org.springframework.web.servlet.DispatcherServlet.initServletBean - [33mCompleted initialization in 0 ms
[0;39m2026-08-17 09:33:00 [35m[http-nio-127.0.0.1-8082-exec-8][0;39m [34mINFO [0;39m com.metaml.workbench.generation.SpringBootProjectGenerator.generate - [33mGenerated Target Harness Platform b0996860-127b-43d8-a0f2-d2da8c31b318 for process key 'syntheticE2E' with 2 manufacturing activity endpoint(s), package com.metaml.targetplatform.synthetice2e, at C:\Users\Nirman\Desktop\ITP_a\metaml-workbench-source-of-truth\backend\wbapi\.\data\generated-projects\b0996860-127b-43d8-a0f2-d2da8c31b318
[0;39m2026-08-17 09:33:00 [35m[http-nio-127.0.0.1-8082-exec-8][0;39m [34mINFO [0;39m com.metaml.workbench.service.WorkbenchServiceImpl.doGenerateSpringBootProject - [33mGenerated Target Harness Platform b0996860-127b-43d8-a0f2-d2da8c31b318 for model f41e8ef0-c8d7-4c66-b185-7a782f8ff392
[0;39m2026-08-17 09:33:01 [35m[http-nio-127.0.0.1-8082-exec-8][0;39m [34mINFO [0;39m com.metaml.workbench.generation.SpringBootProjectGenerator.delete - [33mDeleted superseded generated project 1106b10b-4c29-40d8-ac65-9cfa942fe387 at C:\Users\Nirman\Desktop\ITP_a\metaml-workbench-source-of-truth\backend\wbapi\data\generated-projects\1106b10b-4c29-40d8-ac65-9cfa942fe387
[0;39m2026-08-17 09:33:57 [35m[http-nio-127.0.0.1-8082-exec-10][0;39m [34mINFO [0;39m com.metaml.workbench.generation.SpringBootProjectLauncher.launch - [33mLaunched generated project b0996860-127b-43d8-a0f2-d2da8c31b318 (process key 'syntheticE2E') on port 65442
[0;39m2026-08-17 09:34:33 [35m[http-nio-127.0.0.1-8082-exec-2][0;39m [34mINFO [0;39m com.metaml.workbench.generation.SpringBootProjectLauncher.stop - [33mStopped generated project b0996860-127b-43d8-a0f2-d2da8c31b318
[0;39m2026-08-17 10:45:43 [35m[File Watcher][0;39m [34mINFO [0;39m org.springframework.boot.devtools.autoconfigure.LocalDevToolsAutoConfiguration$RestartingClassPathChangeChangedEventListener.onApplicationEvent - [33mRestarting due to 26 class path changes (0 additions, 26 deletions, 0 modifications)
[0;39m2026-08-17 10:45:43 [35m[Thread-7][0;39m [34mINFO [0;39m org.springframework.boot.web.embedded.tomcat.GracefulShutdown.shutDownGracefully - [33mCommencing graceful shutdown. Waiting for active requests to complete
[0;39m2026-08-17 10:45:43 [35m[tomcat-shutdown][0;39m [34mINFO [0;39m org.springframework.boot.web.embedded.tomcat.GracefulShutdown.doShutdown - [33mGraceful shutdown complete
[0;39m2026-08-17 10:45:43 [35m[Thread-7][0;39m [34mINFO [0;39m org.camunda.bpm.engine.jobexecutor.logInfo - [33mENGINE-14015 Shutting down the JobExecutor[org.camunda.bpm.engine.spring.components.jobexecutor.SpringJobExecutor]
[0;39m2026-08-17 10:45:43 [35m[JobExecutor[org.camunda.bpm.engine.spring.components.jobexecutor.SpringJobExecutor]][0;39m [34mINFO [0;39m org.camunda.bpm.engine.jobexecutor.logInfo - [33mENGINE-14020 JobExecutor[org.camunda.bpm.engine.spring.components.jobexecutor.SpringJobExecutor] stopped job acquisition
[0;39m2026-08-17 10:45:43 [35m[Thread-7][0;39m [34mINFO [0;39m org.camunda.bpm.engine.logInfo - [33mENGINE-00007 Process Engine default closed
[0;39m2026-08-17 10:45:43 [35m[Thread-7][0;39m [34mINFO [0;39m org.springframework.orm.jpa.LocalContainerEntityManagerFactoryBean.destroy - [33mClosing JPA EntityManagerFactory for persistence unit 'default'
[0;39m2026-08-17 10:45:43 [35m[Thread-7][0;39m [34mINFO [0;39m com.zaxxer.hikari.HikariDataSource.close - [33mHikariPool-1 - Shutdown initiated...
[0;39m2026-08-17 10:45:43 [35m[Thread-7][0;39m [34mINFO [0;39m com.zaxxer.hikari.HikariDataSource.close - [33mHikariPool-1 - Shutdown completed.
[0;39m
 ____                                 _         ____  _       _    __                      
/ ___| __ _ _ __ ___  _   _ _ __   __| | __ _  |  _ \| | __ _| |_ / _| ___  _ __ _ __ ___  
| |   / _` | '_ ` _ \| | | | '_ \ / _` |/ _` | | |_) | |/ _` | __| |_ / _ \| '__| '_ ` _ \ 
| |__| (_| | | | | | | |_| | | | | (_| | (_| | |  __/| | (_| | |_|  _| (_) | |  | | | | | |
\____/\__,_|_| |_| |_|\__,_|_| |_|\__,_|\__,_| |_|   |_|\__,_|\__|_|  \___/|_|  |_| |_| |_|

  Spring-Boot:  (v3.5.16)
  Camunda Platform: (v7.22.0)
  Camunda Platform Spring Boot Starter: (v7.22.0)

2026-08-17 10:45:43 [35m[restartedMain][0;39m [34mINFO [0;39m com.metaml.wbapi.WbapiApplication.logStarting - [33mStarting WbapiApplication using Java 25.0.3 with PID 13424 (C:\Users\Nirman\Desktop\ITP_a\metaml-workbench-source-of-truth\backend\wbapi\target\classes started by Nirman in C:\Users\Nirman\Desktop\ITP_a\metaml-workbench-source-of-truth\backend\wbapi)
[0;39m2026-08-17 10:45:43 [35m[restartedMain][0;39m [34mINFO [0;39m com.metaml.wbapi.WbapiApplication.logStartupProfileInfo - [33mNo active profile set, falling back to 1 default profile: "default"
[0;39m2026-08-17 10:45:44 [35m[restartedMain][0;39m [34mINFO [0;39m org.springframework.data.repository.config.RepositoryConfigurationDelegate.registerRepositoriesIn - [33mBootstrapping Spring Data JPA repositories in DEFAULT mode.
[0;39m2026-08-17 10:45:44 [35m[restartedMain][0;39m [34mINFO [0;39m org.springframework.data.repository.config.RepositoryConfigurationDelegate.registerRepositoriesIn - [33mFinished Spring Data repository scanning in 14 ms. Found 0 JPA repository interfaces.
[0;39m2026-08-17 10:45:44 [35m[restartedMain][0;39m [34mINFO [0;39m org.springframework.boot.web.embedded.tomcat.TomcatWebServer.initialize - [33mTomcat initialized with port 8082 (http)
[0;39m2026-08-17 10:45:44 [35m[restartedMain][0;39m [34mINFO [0;39m org.apache.catalina.core.StandardService.log - [33mStarting service [Tomcat]
[0;39m2026-08-17 10:45:44 [35m[restartedMain][0;39m [34mINFO [0;39m org.apache.catalina.core.StandardEngine.log - [33mStarting Servlet engine: [Apache Tomcat/10.1.55]
[0;39m2026-08-17 10:45:44 [35m[restartedMain][0;39m [34mINFO [0;39m org.apache.catalina.core.ContainerBase.[Tomcat].[localhost].[/].log - [33mInitializing Spring embedded WebApplicationContext
[0;39m2026-08-17 10:45:44 [35m[restartedMain][0;39m [34mINFO [0;39m org.springframework.boot.web.servlet.context.ServletWebServerApplicationContext.prepareWebApplicationContext - [33mRoot WebApplicationContext: initialization completed in 1136 ms
[0;39m2026-08-17 10:45:44 [35m[restartedMain][0;39m [34mINFO [0;39m org.hibernate.jpa.internal.util.LogHelper.logPersistenceUnitInformation - [33mHHH000204: Processing PersistenceUnitInfo [name: default]
[0;39m2026-08-17 10:45:44 [35m[restartedMain][0;39m [34mINFO [0;39m org.hibernate.cache.internal.RegionFactoryInitiator.initiateService - [33mHHH000026: Second-level cache disabled
[0;39m2026-08-17 10:45:44 [35m[restartedMain][0;39m [34mINFO [0;39m org.springframework.orm.jpa.persistenceunit.SpringPersistenceUnitInfo.addTransformer - [33mNo LoadTimeWeaver setup: ignoring JPA class transformer
[0;39m2026-08-17 10:45:44 [35m[restartedMain][0;39m [34mINFO [0;39m com.zaxxer.hikari.HikariDataSource.getConnection - [33mHikariPool-2 - Starting...
[0;39m2026-08-17 10:45:44 [35m[restartedMain][0;39m [34mINFO [0;39m com.zaxxer.hikari.pool.HikariPool.checkFailFast - [33mHikariPool-2 - Added connection conn35: url=jdbc:h2:file:./data/camunda user=SA
[0;39m2026-08-17 10:45:44 [35m[restartedMain][0;39m [34mINFO [0;39m com.zaxxer.hikari.HikariDataSource.getConnection - [33mHikariPool-2 - Start completed.
[0;39m2026-08-17 10:45:44 [35m[restartedMain][0;39m [31mWARN [0;39m org.hibernate.orm.deprecation.constructDialect - [33mHHH90000025: H2Dialect does not need to be specified explicitly using 'hibernate.dialect' (remove the property setting and it will be selected by default)
[0;39m2026-08-17 10:45:44 [35m[restartedMain][0;39m [34mINFO [0;39m org.hibernate.orm.connections.pooling.logConnectionInfo - [33mHHH10001005: Database info:
	Database JDBC URL [Connecting through datasource 'HikariDataSource (HikariPool-2)']
	Database driver: undefined/unknown
	Database version: 2.3.232
	Autocommit mode: undefined/unknown
	Isolation level: undefined/unknown
	Minimum pool size: undefined/unknown
	Maximum pool size: undefined/unknown
[0;39m2026-08-17 10:45:44 [35m[restartedMain][0;39m [34mINFO [0;39m org.hibernate.engine.transaction.jta.platform.internal.JtaPlatformInitiator.initiateService - [33mHHH000489: No JTA platform available (set 'hibernate.transaction.jta.platform' to enable JTA platform integration)
[0;39m2026-08-17 10:45:44 [35m[restartedMain][0;39m [34mINFO [0;39m org.springframework.orm.jpa.LocalContainerEntityManagerFactoryBean.buildNativeEntityManagerFactory - [33mInitialized JPA EntityManagerFactory for persistence unit 'default'
[0;39m2026-08-17 10:45:44 [35m[restartedMain][0;39m [34mINFO [0;39m org.camunda.bpm.spring.boot.logInfo - [33mSTARTER-SB040 Setting up jobExecutor with corePoolSize=3, maxPoolSize:10
[0;39m2026-08-17 10:45:44 [35m[restartedMain][0;39m [34mINFO [0;39m org.camunda.bpm.engine.cfg.logInfo - [33mENGINE-12003 Plugin 'CompositeProcessEnginePlugin[genericPropertiesConfiguration, camundaProcessEngineConfiguration, camundaDatasourceConfiguration, camundaJobConfiguration, camundaHistoryConfiguration, camundaMetricsConfiguration, camundaAuthorizationConfiguration, camundaDeploymentConfiguration, createAdminUserConfiguration, failedJobConfiguration, CreateFilterConfiguration[filterName=All tasks], eventPublisherPlugin, ApplicationContextClassloaderSwitchPlugin]' activated on process engine 'default'
[0;39m2026-08-17 10:45:46 [35m[restartedMain][0;39m [34mINFO [0;39m org.camunda.bpm.spring.boot.logInfo - [33mSTARTER-SB021 Auto-Deploying resources: []
[0;39m2026-08-17 10:45:46 [35m[restartedMain][0;39m [34mINFO [0;39m org.camunda.bpm.spring.boot.starter.event.EventPublisherPlugin.preInit - [33mEVENTING-001: Initialized Camunda Spring Boot Eventing Engine Plugin.
[0;39m2026-08-17 10:45:46 [35m[restartedMain][0;39m [34mINFO [0;39m org.camunda.bpm.spring.boot.starter.event.EventPublisherPlugin.preInit - [33mEVENTING-003: Task events will be published as Spring Events.
[0;39m2026-08-17 10:45:46 [35m[restartedMain][0;39m [34mINFO [0;39m org.camunda.bpm.spring.boot.starter.event.EventPublisherPlugin.preInit - [33mEVENTING-005: Execution events will be published as Spring Events.
[0;39m2026-08-17 10:45:46 [35m[restartedMain][0;39m [34mINFO [0;39m org.camunda.bpm.spring.boot.starter.event.EventPublisherPlugin.preInit - [33mEVENTING-009: Listeners will not be invoked if a skipCustomListeners API parameter is set to true by user.
[0;39m2026-08-17 10:45:46 [35m[restartedMain][0;39m [34mINFO [0;39m org.camunda.bpm.spring.boot.starter.event.EventPublisherPlugin.preInit - [33mEVENTING-007: History events will be published as Spring events.
[0;39m2026-08-17 10:45:46 [35m[restartedMain][0;39m [34mINFO [0;39m org.camunda.feel.FeelEngine.<init> - [33mEngine created. [value-mapper: CompositeValueMapper(List(org.camunda.feel.impl.JavaValueMapper@31eabc2c)), function-provider: org.camunda.bpm.dmn.feel.impl.scala.function.CustomFunctionTransformer@7468607e, clock: SystemClock, configuration: {externalFunctionsEnabled: false}]
[0;39m2026-08-17 10:45:48 [35m[restartedMain][0;39m [34mINFO [0;39m org.camunda.bpm.engine.logInfo - [33mENGINE-00001 Process Engine default created.
[0;39m2026-08-17 10:45:48 [35m[restartedMain][0;39m [34mINFO [0;39m org.camunda.bpm.spring.boot.logInfo - [33mSTARTER-SB016 Skip initial filter creation, the filter with this name already exists: All tasks
[0;39m2026-08-17 10:45:48 [35m[restartedMain][0;39m [34mINFO [0;39m com.metaml.workbench.governance.TenantPolicyStore.load - [33mRestored 12 tenant(s) and 9 polic(ies) from C:\Users\Nirman\Desktop\ITP_a\metaml-workbench-source-of-truth\backend\wbapi\.\data\tenant-policies.json
[0;39m2026-08-17 10:45:48 [35m[restartedMain][0;39m [34mINFO [0;39m com.metaml.workbench.governance.ApprovalStore.load - [33mRestored 5 approval(s) from C:\Users\Nirman\Desktop\ITP_a\metaml-workbench-source-of-truth\backend\wbapi\.\data\approvals.json
[0;39m2026-08-17 10:45:48 [35m[restartedMain][0;39m [34mINFO [0;39m com.metaml.workbench.workflow.WorkflowEventStore.load - [33mRestored workflow event history for 74 model(s) from C:\Users\Nirman\Desktop\ITP_a\metaml-workbench-source-of-truth\backend\wbapi\.\data\workflow-events.json
[0;39m2026-08-17 10:45:48 [35m[restartedMain][0;39m [34mINFO [0;39m com.metaml.workbench.store.WorkbenchStateStore.load - [33mRestored 74 process model(s) and 33 twin(s) from C:\Users\Nirman\Desktop\ITP_a\metaml-workbench-source-of-truth\backend\wbapi\.\data\workbench-state.json
[0;39m2026-08-17 10:45:48 [35m[restartedMain][0;39m [31mWARN [0;39m org.springframework.boot.autoconfigure.orm.jpa.JpaBaseConfiguration$JpaWebConfiguration.openEntityManagerInViewInterceptor - [33mspring.jpa.open-in-view is enabled by default. Therefore, database queries may be performed during view rendering. Explicitly configure spring.jpa.open-in-view to disable this warning
[0;39m2026-08-17 10:45:48 [35m[restartedMain][0;39m [31mWARN [0;39m org.springframework.web.servlet.resource.ResourceHandlerUtils.initLocationPath - [33mAppended trailing slash to static resource location: classpath:/META-INF/resources/webjars/camunda/
[0;39m2026-08-17 10:45:49 [35m[restartedMain][0;39m [34mINFO [0;39m org.camunda.bpm.spring.boot.starter.webapp.filter.LazyInitRegistration.lazyInit - [33mlazy initialized org.camunda.bpm.spring.boot.starter.webapp.filter.LazySecurityFilter@708dc2ce
[0;39m2026-08-17 10:45:49 [35m[restartedMain][0;39m [34mINFO [0;39m org.camunda.bpm.spring.boot.starter.webapp.filter.LazyInitRegistration.lazyInit - [33mlazy initialized org.camunda.bpm.spring.boot.starter.webapp.filter.LazyProcessEnginesFilter@4360459c
[0;39m2026-08-17 10:45:49 [35m[restartedMain][0;39m [34mINFO [0;39m org.springframework.boot.autoconfigure.h2.H2ConsoleAutoConfiguration.log - [33mH2 console available at '/h2-console'. Database available at 'jdbc:h2:file:./data/camunda'
[0;39m2026-08-17 10:45:49 [35m[restartedMain][0;39m [31mWARN [0;39m org.springframework.boot.autoconfigure.security.servlet.UserDetailsServiceAutoConfiguration.getOrDeducePassword - [33m

Using generated security password: fbbe01df-4e03-4f41-b926-0d9aa3b9bd90

This generated password is for development use only. Your security configuration must be updated before running your application in production.

[0;39m2026-08-17 10:45:49 [35m[restartedMain][0;39m [34mINFO [0;39m org.springframework.security.config.annotation.authentication.configuration.InitializeUserDetailsBeanManagerConfigurer$InitializeUserDetailsManagerConfigurer.configure - [33mGlobal AuthenticationManager configured with UserDetailsService bean with name inMemoryUserDetailsManager
[0;39m2026-08-17 10:45:49 [35m[restartedMain][0;39m [34mINFO [0;39m org.springframework.boot.devtools.autoconfigure.OptionalLiveReloadServer.startServer - [33mLiveReload server is running on port 35729
[0;39m2026-08-17 10:45:49 [35m[restartedMain][0;39m [34mINFO [0;39m org.springframework.boot.web.embedded.tomcat.TomcatWebServer.start - [33mTomcat started on port 8082 (http) with context path '/'
[0;39m2026-08-17 10:45:49 [35m[restartedMain][0;39m [34mINFO [0;39m com.metaml.wbapi.WbapiApplication.logStarted - [33mStarted WbapiApplication in 5.803 seconds (process running for 4668.694)
[0;39m2026-08-17 10:45:49 [35m[restartedMain][0;39m [34mINFO [0;39m org.springframework.boot.devtools.autoconfigure.ConditionEvaluationDeltaLoggingListener.onApplicationEvent - [33mCondition evaluation delta:


==========================
CONDITION EVALUATION DELTA
==========================


Positive matches:
-----------------

   SpringBootWebSecurityConfiguration.SecurityFilterChainConfiguration matched:
      - AllNestedConditions 2 matched 0 did not; NestedCondition on DefaultWebSecurityCondition.Beans @ConditionalOnMissingBean (types: org.springframework.security.web.SecurityFilterChain; SearchStrategy: all) did not find any beans; NestedCondition on DefaultWebSecurityCondition.Classes @ConditionalOnClass found required classes 'org.springframework.security.web.SecurityFilterChain', 'org.springframework.security.config.annotation.web.builders.HttpSecurity' (DefaultWebSecurityCondition)

   SpringBootWebSecurityConfiguration.WebSecurityEnablerConfiguration matched:
      - @ConditionalOnClass found required class 'org.springframework.security.config.annotation.web.configuration.EnableWebSecurity' (OnClassCondition)
      - @ConditionalOnMissingBean (names: springSecurityFilterChain; SearchStrategy: all) did not find any beans (OnBeanCondition)


Negative matches:
-----------------

    None


Exclusions:
-----------

    None


Unconditional classes:
----------------------

    None



[0;39m2026-08-17 10:45:49 [35m[restartedMain][0;39m [34mINFO [0;39m org.camunda.bpm.engine.jobexecutor.logInfo - [33mENGINE-14014 Starting up the JobExecutor[org.camunda.bpm.engine.spring.components.jobexecutor.SpringJobExecutor].
[0;39m2026-08-17 10:45:49 [35m[JobExecutor[org.camunda.bpm.engine.spring.components.jobexecutor.SpringJobExecutor]][0;39m [34mINFO [0;39m org.camunda.bpm.engine.jobexecutor.logInfo - [33mENGINE-14018 JobExecutor[org.camunda.bpm.engine.spring.components.jobexecutor.SpringJobExecutor] starting to acquire jobs
[0;39m2026-08-17 10:45:50 [35m[File Watcher][0;39m [34mINFO [0;39m org.springframework.boot.devtools.autoconfigure.LocalDevToolsAutoConfiguration$RestartingClassPathChangeChangedEventListener.onApplicationEvent - [33mRestarting due to 26 class path changes (26 additions, 0 deletions, 0 modifications)
[0;39m2026-08-17 10:45:50 [35m[Thread-9][0;39m [34mINFO [0;39m org.springframework.boot.web.embedded.tomcat.GracefulShutdown.shutDownGracefully - [33mCommencing graceful shutdown. Waiting for active requests to complete
[0;39m2026-08-17 10:45:50 [35m[tomcat-shutdown][0;39m [34mINFO [0;39m org.springframework.boot.web.embedded.tomcat.GracefulShutdown.doShutdown - [33mGraceful shutdown complete
[0;39m2026-08-17 10:45:50 [35m[Thread-9][0;39m [34mINFO [0;39m org.camunda.bpm.engine.jobexecutor.logInfo - [33mENGINE-14015 Shutting down the JobExecutor[org.camunda.bpm.engine.spring.components.jobexecutor.SpringJobExecutor]
[0;39m2026-08-17 10:45:50 [35m[JobExecutor[org.camunda.bpm.engine.spring.components.jobexecutor.SpringJobExecutor]][0;39m [34mINFO [0;39m org.camunda.bpm.engine.jobexecutor.logInfo - [33mENGINE-14020 JobExecutor[org.camunda.bpm.engine.spring.components.jobexecutor.SpringJobExecutor] stopped job acquisition
[0;39m2026-08-17 10:45:50 [35m[Thread-9][0;39m [34mINFO [0;39m org.camunda.bpm.engine.logInfo - [33mENGINE-00007 Process Engine default closed
[0;39m2026-08-17 10:45:50 [35m[Thread-9][0;39m [34mINFO [0;39m org.springframework.orm.jpa.LocalContainerEntityManagerFactoryBean.destroy - [33mClosing JPA EntityManagerFactory for persistence unit 'default'
[0;39m2026-08-17 10:45:50 [35m[Thread-9][0;39m [34mINFO [0;39m com.zaxxer.hikari.HikariDataSource.close - [33mHikariPool-2 - Shutdown initiated...
[0;39m2026-08-17 10:45:50 [35m[Thread-9][0;39m [34mINFO [0;39m com.zaxxer.hikari.HikariDataSource.close - [33mHikariPool-2 - Shutdown completed.
[0;39m
 ____                                 _         ____  _       _    __                      
/ ___| __ _ _ __ ___  _   _ _ __   __| | __ _  |  _ \| | __ _| |_ / _| ___  _ __ _ __ ___  
| |   / _` | '_ ` _ \| | | | '_ \ / _` |/ _` | | |_) | |/ _` | __| |_ / _ \| '__| '_ ` _ \ 
| |__| (_| | | | | | | |_| | | | | (_| | (_| | |  __/| | (_| | |_|  _| (_) | |  | | | | | |
\____/\__,_|_| |_| |_|\__,_|_| |_|\__,_|\__,_| |_|   |_|\__,_|\__|_|  \___/|_|  |_| |_| |_|

  Spring-Boot:  (v3.5.16)
  Camunda Platform: (v7.22.0)
  Camunda Platform Spring Boot Starter: (v7.22.0)

2026-08-17 10:45:50 [35m[restartedMain][0;39m [34mINFO [0;39m com.metaml.wbapi.WbapiApplication.logStarting - [33mStarting WbapiApplication using Java 25.0.3 with PID 13424 (C:\Users\Nirman\Desktop\ITP_a\metaml-workbench-source-of-truth\backend\wbapi\target\classes started by Nirman in C:\Users\Nirman\Desktop\ITP_a\metaml-workbench-source-of-truth\backend\wbapi)
[0;39m2026-08-17 10:45:50 [35m[restartedMain][0;39m [34mINFO [0;39m com.metaml.wbapi.WbapiApplication.logStartupProfileInfo - [33mNo active profile set, falling back to 1 default profile: "default"
[0;39m2026-08-17 10:45:51 [35m[restartedMain][0;39m [34mINFO [0;39m org.springframework.data.repository.config.RepositoryConfigurationDelegate.registerRepositoriesIn - [33mBootstrapping Spring Data JPA repositories in DEFAULT mode.
[0;39m2026-08-17 10:45:51 [35m[restartedMain][0;39m [34mINFO [0;39m org.springframework.data.repository.config.RepositoryConfigurationDelegate.registerRepositoriesIn - [33mFinished Spring Data repository scanning in 21 ms. Found 0 JPA repository interfaces.
[0;39m2026-08-17 10:45:51 [35m[restartedMain][0;39m [34mINFO [0;39m org.springframework.boot.web.embedded.tomcat.TomcatWebServer.initialize - [33mTomcat initialized with port 8082 (http)
[0;39m2026-08-17 10:45:51 [35m[restartedMain][0;39m [34mINFO [0;39m org.apache.catalina.core.StandardService.log - [33mStarting service [Tomcat]
[0;39m2026-08-17 10:45:51 [35m[restartedMain][0;39m [34mINFO [0;39m org.apache.catalina.core.StandardEngine.log - [33mStarting Servlet engine: [Apache Tomcat/10.1.55]
[0;39m2026-08-17 10:45:51 [35m[restartedMain][0;39m [34mINFO [0;39m org.apache.catalina.core.ContainerBase.[Tomcat].[localhost].[/].log - [33mInitializing Spring embedded WebApplicationContext
[0;39m2026-08-17 10:45:51 [35m[restartedMain][0;39m [34mINFO [0;39m org.springframework.boot.web.servlet.context.ServletWebServerApplicationContext.prepareWebApplicationContext - [33mRoot WebApplicationContext: initialization completed in 1034 ms
[0;39m2026-08-17 10:45:51 [35m[restartedMain][0;39m [34mINFO [0;39m org.hibernate.jpa.internal.util.LogHelper.logPersistenceUnitInformation - [33mHHH000204: Processing PersistenceUnitInfo [name: default]
[0;39m2026-08-17 10:45:51 [35m[restartedMain][0;39m [34mINFO [0;39m org.hibernate.cache.internal.RegionFactoryInitiator.initiateService - [33mHHH000026: Second-level cache disabled
[0;39m2026-08-17 10:45:52 [35m[restartedMain][0;39m [34mINFO [0;39m org.springframework.orm.jpa.persistenceunit.SpringPersistenceUnitInfo.addTransformer - [33mNo LoadTimeWeaver setup: ignoring JPA class transformer
[0;39m2026-08-17 10:45:52 [35m[restartedMain][0;39m [34mINFO [0;39m com.zaxxer.hikari.HikariDataSource.getConnection - [33mHikariPool-3 - Starting...
[0;39m2026-08-17 10:45:52 [35m[restartedMain][0;39m [34mINFO [0;39m com.zaxxer.hikari.pool.HikariPool.checkFailFast - [33mHikariPool-3 - Added connection conn45: url=jdbc:h2:file:./data/camunda user=SA
[0;39m2026-08-17 10:45:52 [35m[restartedMain][0;39m [34mINFO [0;39m com.zaxxer.hikari.HikariDataSource.getConnection - [33mHikariPool-3 - Start completed.
[0;39m2026-08-17 10:45:52 [35m[restartedMain][0;39m [31mWARN [0;39m org.hibernate.orm.deprecation.constructDialect - [33mHHH90000025: H2Dialect does not need to be specified explicitly using 'hibernate.dialect' (remove the property setting and it will be selected by default)
[0;39m2026-08-17 10:45:52 [35m[restartedMain][0;39m [34mINFO [0;39m org.hibernate.orm.connections.pooling.logConnectionInfo - [33mHHH10001005: Database info:
	Database JDBC URL [Connecting through datasource 'HikariDataSource (HikariPool-3)']
	Database driver: undefined/unknown
	Database version: 2.3.232
	Autocommit mode: undefined/unknown
	Isolation level: undefined/unknown
	Minimum pool size: undefined/unknown
	Maximum pool size: undefined/unknown
[0;39m2026-08-17 10:45:52 [35m[restartedMain][0;39m [34mINFO [0;39m org.hibernate.engine.transaction.jta.platform.internal.JtaPlatformInitiator.initiateService - [33mHHH000489: No JTA platform available (set 'hibernate.transaction.jta.platform' to enable JTA platform integration)
[0;39m2026-08-17 10:45:52 [35m[restartedMain][0;39m [34mINFO [0;39m org.springframework.orm.jpa.LocalContainerEntityManagerFactoryBean.buildNativeEntityManagerFactory - [33mInitialized JPA EntityManagerFactory for persistence unit 'default'
[0;39m2026-08-17 10:45:52 [35m[restartedMain][0;39m [34mINFO [0;39m com.metaml.workbench.governance.TenantPolicyStore.load - [33mRestored 12 tenant(s) and 9 polic(ies) from C:\Users\Nirman\Desktop\ITP_a\metaml-workbench-source-of-truth\backend\wbapi\.\data\tenant-policies.json
[0;39m2026-08-17 10:45:52 [35m[restartedMain][0;39m [34mINFO [0;39m com.metaml.workbench.governance.ApprovalStore.load - [33mRestored 5 approval(s) from C:\Users\Nirman\Desktop\ITP_a\metaml-workbench-source-of-truth\backend\wbapi\.\data\approvals.json
[0;39m2026-08-17 10:45:52 [35m[restartedMain][0;39m [34mINFO [0;39m org.camunda.bpm.spring.boot.logInfo - [33mSTARTER-SB040 Setting up jobExecutor with corePoolSize=3, maxPoolSize:10
[0;39m2026-08-17 10:45:52 [35m[restartedMain][0;39m [34mINFO [0;39m org.camunda.bpm.engine.cfg.logInfo - [33mENGINE-12003 Plugin 'CompositeProcessEnginePlugin[genericPropertiesConfiguration, camundaProcessEngineConfiguration, camundaDatasourceConfiguration, camundaJobConfiguration, camundaHistoryConfiguration, camundaMetricsConfiguration, camundaAuthorizationConfiguration, camundaDeploymentConfiguration, createAdminUserConfiguration, failedJobConfiguration, CreateFilterConfiguration[filterName=All tasks], eventPublisherPlugin, ApplicationContextClassloaderSwitchPlugin]' activated on process engine 'default'
[0;39m2026-08-17 10:45:54 [35m[restartedMain][0;39m [34mINFO [0;39m org.camunda.bpm.spring.boot.logInfo - [33mSTARTER-SB021 Auto-Deploying resources: []
[0;39m2026-08-17 10:45:54 [35m[restartedMain][0;39m [34mINFO [0;39m org.camunda.bpm.spring.boot.starter.event.EventPublisherPlugin.preInit - [33mEVENTING-001: Initialized Camunda Spring Boot Eventing Engine Plugin.
[0;39m2026-08-17 10:45:54 [35m[restartedMain][0;39m [34mINFO [0;39m org.camunda.bpm.spring.boot.starter.event.EventPublisherPlugin.preInit - [33mEVENTING-003: Task events will be published as Spring Events.
[0;39m2026-08-17 10:45:54 [35m[restartedMain][0;39m [34mINFO [0;39m org.camunda.bpm.spring.boot.starter.event.EventPublisherPlugin.preInit - [33mEVENTING-005: Execution events will be published as Spring Events.
[0;39m2026-08-17 10:45:54 [35m[restartedMain][0;39m [34mINFO [0;39m org.camunda.bpm.spring.boot.starter.event.EventPublisherPlugin.preInit - [33mEVENTING-009: Listeners will not be invoked if a skipCustomListeners API parameter is set to true by user.
[0;39m2026-08-17 10:45:54 [35m[restartedMain][0;39m [34mINFO [0;39m org.camunda.bpm.spring.boot.starter.event.EventPublisherPlugin.preInit - [33mEVENTING-007: History events will be published as Spring events.
[0;39m2026-08-17 10:45:54 [35m[restartedMain][0;39m [34mINFO [0;39m org.camunda.feel.FeelEngine.<init> - [33mEngine created. [value-mapper: CompositeValueMapper(List(org.camunda.feel.impl.JavaValueMapper@1a6910c)), function-provider: org.camunda.bpm.dmn.feel.impl.scala.function.CustomFunctionTransformer@160c2134, clock: SystemClock, configuration: {externalFunctionsEnabled: false}]
[0;39m2026-08-17 10:45:58 [35m[restartedMain][0;39m [34mINFO [0;39m org.camunda.bpm.engine.logInfo - [33mENGINE-00001 Process Engine default created.
[0;39m2026-08-17 10:45:58 [35m[restartedMain][0;39m [34mINFO [0;39m org.camunda.bpm.spring.boot.logInfo - [33mSTARTER-SB016 Skip initial filter creation, the filter with this name already exists: All tasks
[0;39m2026-08-17 10:45:58 [35m[restartedMain][0;39m [34mINFO [0;39m com.metaml.workbench.workflow.WorkflowEventStore.load - [33mRestored workflow event history for 74 model(s) from C:\Users\Nirman\Desktop\ITP_a\metaml-workbench-source-of-truth\backend\wbapi\.\data\workflow-events.json
[0;39m2026-08-17 10:45:58 [35m[restartedMain][0;39m [34mINFO [0;39m com.metaml.workbench.store.WorkbenchStateStore.load - [33mRestored 74 process model(s) and 33 twin(s) from C:\Users\Nirman\Desktop\ITP_a\metaml-workbench-source-of-truth\backend\wbapi\.\data\workbench-state.json
[0;39m2026-08-17 10:45:58 [35m[restartedMain][0;39m [31mWARN [0;39m org.springframework.boot.autoconfigure.orm.jpa.JpaBaseConfiguration$JpaWebConfiguration.openEntityManagerInViewInterceptor - [33mspring.jpa.open-in-view is enabled by default. Therefore, database queries may be performed during view rendering. Explicitly configure spring.jpa.open-in-view to disable this warning
[0;39m2026-08-17 10:45:58 [35m[restartedMain][0;39m [31mWARN [0;39m org.springframework.web.servlet.resource.ResourceHandlerUtils.initLocationPath - [33mAppended trailing slash to static resource location: classpath:/META-INF/resources/webjars/camunda/
[0;39m2026-08-17 10:45:59 [35m[restartedMain][0;39m [31mWARN [0;39m org.springframework.boot.autoconfigure.security.servlet.UserDetailsServiceAutoConfiguration.getOrDeducePassword - [33m

Using generated security password: 7d081986-27d4-4d3f-a4f5-9e6eb4d84082

This generated password is for development use only. Your security configuration must be updated before running your application in production.

[0;39m2026-08-17 10:45:59 [35m[restartedMain][0;39m [34mINFO [0;39m org.springframework.security.config.annotation.authentication.configuration.InitializeUserDetailsBeanManagerConfigurer$InitializeUserDetailsManagerConfigurer.configure - [33mGlobal AuthenticationManager configured with UserDetailsService bean with name inMemoryUserDetailsManager
[0;39m2026-08-17 10:45:59 [35m[restartedMain][0;39m [34mINFO [0;39m org.camunda.bpm.spring.boot.starter.webapp.filter.LazyInitRegistration.lazyInit - [33mlazy initialized org.camunda.bpm.spring.boot.starter.webapp.filter.LazyProcessEnginesFilter@6184991e
[0;39m2026-08-17 10:45:59 [35m[restartedMain][0;39m [34mINFO [0;39m org.camunda.bpm.spring.boot.starter.webapp.filter.LazyInitRegistration.lazyInit - [33mlazy initialized org.camunda.bpm.spring.boot.starter.webapp.filter.LazySecurityFilter@3ea58e2a
[0;39m2026-08-17 10:45:59 [35m[restartedMain][0;39m [34mINFO [0;39m org.springframework.boot.autoconfigure.h2.H2ConsoleAutoConfiguration.log - [33mH2 console available at '/h2-console'. Database available at 'jdbc:h2:file:./data/camunda'
[0;39m2026-08-17 10:45:59 [35m[restartedMain][0;39m [34mINFO [0;39m org.springframework.boot.devtools.autoconfigure.OptionalLiveReloadServer.startServer - [33mLiveReload server is running on port 35729
[0;39m2026-08-17 10:45:59 [35m[restartedMain][0;39m [34mINFO [0;39m org.springframework.boot.web.embedded.tomcat.TomcatWebServer.start - [33mTomcat started on port 8082 (http) with context path '/'
[0;39m2026-08-17 10:45:59 [35m[restartedMain][0;39m [34mINFO [0;39m com.metaml.wbapi.WbapiApplication.logStarted - [33mStarted WbapiApplication in 8.664 seconds (process running for 4678.849)
[0;39m2026-08-17 10:45:59 [35m[restartedMain][0;39m [34mINFO [0;39m org.springframework.boot.devtools.autoconfigure.ConditionEvaluationDeltaLoggingListener.onApplicationEvent - [33mCondition evaluation delta:


==========================
CONDITION EVALUATION DELTA
==========================


Positive matches:
-----------------

    None


Negative matches:
-----------------

   SpringBootWebSecurityConfiguration.SecurityFilterChainConfiguration:
      Did not match:
         - AllNestedConditions 1 matched 1 did not; NestedCondition on DefaultWebSecurityCondition.Beans @ConditionalOnMissingBean (types: org.springframework.security.web.SecurityFilterChain; SearchStrategy: all) found beans of type 'org.springframework.security.web.SecurityFilterChain' filterChain; NestedCondition on DefaultWebSecurityCondition.Classes @ConditionalOnClass found required classes 'org.springframework.security.web.SecurityFilterChain', 'org.springframework.security.config.annotation.web.builders.HttpSecurity' (DefaultWebSecurityCondition)

   SpringBootWebSecurityConfiguration.WebSecurityEnablerConfiguration:
      Did not match:
         - @ConditionalOnMissingBean (names: springSecurityFilterChain; SearchStrategy: all) found beans named springSecurityFilterChain (OnBeanCondition)
      Matched:
         - @ConditionalOnClass found required class 'org.springframework.security.config.annotation.web.configuration.EnableWebSecurity' (OnClassCondition)


Exclusions:
-----------

    None


Unconditional classes:
----------------------

    None



[0;39m2026-08-17 10:45:59 [35m[restartedMain][0;39m [34mINFO [0;39m org.camunda.bpm.engine.jobexecutor.logInfo - [33mENGINE-14014 Starting up the JobExecutor[org.camunda.bpm.engine.spring.components.jobexecutor.SpringJobExecutor].
[0;39m2026-08-17 10:45:59 [35m[JobExecutor[org.camunda.bpm.engine.spring.components.jobexecutor.SpringJobExecutor]][0;39m [34mINFO [0;39m org.camunda.bpm.engine.jobexecutor.logInfo - [33mENGINE-14018 JobExecutor[org.camunda.bpm.engine.spring.components.jobexecutor.SpringJobExecutor] starting to acquire jobs
[0;39m